
> hris-frontend@0.1.0 build
> next build

Ôû▓ Next.js 16.1.6 (Turbopack)
- Environments: .env

  Creating an optimized production build ...
node.exe : 
At line:1 char:1
+ & "C:\Program 
Files\nodejs/node.exe" "C:\Program 
Files\nodejs/node_mo ...
+ ~~~~~~~~~~~~~~~~~~~~~~~~~~~~~~~~~~~~
~~~~~~~~~~~~~~~~~~~~~~~~~~~~~~~~~
    + CategoryInfo          : NotSpec 
   ified: (:String) [], RemoteExcept  
  ion
    + FullyQualifiedErrorId : NativeC 
   ommandError
 
> Build error occurred
Error: Turbopack build failed with 1 
errors:
./src/app/(admin)/admin/reports/page.t
sx:21:1
Parsing ecmascript source code failed
[0m [90m 19 |[39m     
[33mTooltip[39m[33m,[39m
 [90m 20 |[39m     [33mResponsiveCo
ntainer[39m[33m,[39m
[31m[1m>[22m[39m[90m 21 |[39m } 
[36mfrom[39m [32m"recharts"[39m
 [90m    |[39m [31m[1m^[22m[39m
 [90m 22 |[39m [36mimport[39m {
 [90m 23 |[39m     
[33mDownload[39m[33m,[39m
 [90m 24 |[39m     
[33mFilter[39m[33m,[39m[0m

Expression expected


    at <unknown> (./src/app/(admin)/ad
min/reports/page.tsx:21:1)
